// Jest Snapshot v1, https://goo.gl/fbAQLP

exports[`Component SelectStops snapshot(mount) 1`] = `
<SelectStops
  modification={
    Object {
      "_id": "1234",
      "accessGroup": "accessGroupName",
      "bidirectional": false,
      "createdAt": "2017-11-08T12:30:50.133Z",
      "createdBy": "person@gmail.com",
      "description": "Mock description",
      "entries": Array [],
      "feed": "1",
      "name": "Test Modification",
      "nonce": "12345",
      "projectId": "1",
      "routes": Array [
        "route1",
      ],
      "segments": Array [
        Object {
          "fromStopId": "1",
          "geometry": Object {
            "coordinates": Array [
              Array [
                -122.0246,
                36.9707,
              ],
              Array [
                -122.0279,
                37.049,
              ],
              Array [
                -121.9799,
                37.2299,
              ],
              Array [
                -121.9445,
                37.324,
              ],
              Array [
                -121.936,
                37.353,
              ],
              Array [
                -121.924,
                37.365,
              ],
            ],
            "type": "LineString",
          },
          "spacing": 3000,
          "stopAtEnd": false,
          "stopAtStart": false,
          "toStopId": null,
        },
      ],
      "timetables": Array [
        Object {
          "_id": "timetable-id",
          "dwellTime": 10,
          "dwellTimes": Array [
            12,
          ],
          "endTime": 57600,
          "exactTimes": false,
          "friday": true,
          "headwaySecs": 900,
          "modificationId": "1234",
          "modificationName": "Test Modification",
          "monday": true,
          "name": "Test timetable",
          "patternTrips": Array [
            "abcd",
          ],
          "phaseAtStop": "",
          "phaseFromStop": "",
          "phaseFromTimetable": "",
          "phaseSeconds": 300,
          "saturday": false,
          "segmentSpeeds": Array [],
          "sourceTrip": "abcd",
          "startTime": 28800,
          "sunday": false,
          "thursday": true,
          "tuesday": true,
          "wednesday": true,
        },
      ],
      "trips": Array [
        "abcd",
      ],
      "type": "add-trip-pattern",
      "updatedAt": "2017-11-08T12:31:19.602Z",
      "updatedBy": "person@gmail.com",
      "variants": Array [
        true,
      ],
    }
  }
>
  <ForwardRef
    spacing={4}
  >
    <Flex
      direction="column"
    >
      <Box
        display="flex"
        flexDirection="column"
      >
        <div
          className="css-j7qwjs"
        >
          <ForwardRef
            key=".0"
            mb={null}
            spacing={4}
          >
            <Flex
              direction="column"
              mb={null}
            >
              <Box
                display="flex"
                flexDirection="column"
                mb={null}
              >
                <div
                  className="css-j7qwjs"
                >
                  <Alert
                    key=".0"
                    mb={4}
                    status="info"
                  >
                    <Box
                      alignItems="center"
                      bg="blue.100"
                      display="flex"
                      mb={4}
                      overflow="hidden"
                      pb={3}
                      pl={4}
                      position="relative"
                      pr={4}
                      pt={3}
                      role="alert"
                    >
                      <div
                        className="css-pjk3qj"
                        role="alert"
                      >
                        <AlertIcon>
                          <Icon
                            color="blue.500"
                            mr={3}
                            name="info"
                            size={5}
                          >
                            <Styled(div)
                              as="svg"
                              color="blue.500"
                              display="inline-block"
                              focusable={false}
                              mr={3}
                              role="presentation"
                              size={5}
                              verticalAlign="middle"
                              viewBox="0 0 24 24"
                            >
                              <svg
                                className="css-186zpkg"
                                focusable={false}
                                role="presentation"
                                viewBox="0 0 24 24"
                              >
                                <path
                                  d="M12,0A12,12,0,1,0,24,12,12.013,12.013,0,0,0,12,0Zm.25,5a1.5,1.5,0,1,1-1.5,1.5A1.5,1.5,0,0,1,12.25,5ZM14.5,18.5h-4a1,1,0,0,1,0-2h.75a.25.25,0,0,0,.25-.25v-4.5a.25.25,0,0,0-.25-.25H10.5a1,1,0,0,1,0-2h1a2,2,0,0,1,2,2v4.75a.25.25,0,0,0,.25.25h.75a1,1,0,1,1,0,2Z"
                                  fill="currentColor"
                                />
                              </svg>
                            </Styled(div)>
                          </Icon>
                        </AlertIcon>
                         
                        Click 'New', then draw a polygon around the stops you wish to select.
                      </div>
                    </Box>
                  </Alert>
                  <Button
                    isFullWidth={true}
                    key=".1"
                    leftIcon="edit"
                    mb={null}
                    onClick={[Function]}
                    variantColor="blue"
                  >
                    <PseudoBox
                      _active={
                        Object {
                          "bg": "blue.700",
                        }
                      }
                      _disabled={
                        Object {
                          "boxShadow": "none",
                          "cursor": "not-allowed",
                          "opacity": "40%",
                        }
                      }
                      _focus={
                        Object {
                          "boxShadow": "outline",
                        }
                      }
                      _hover={
                        Object {
                          "bg": "blue.600",
                        }
                      }
                      alignItems="center"
                      appearance="none"
                      as="button"
                      bg="blue.500"
                      borderRadius="md"
                      color="white"
                      display="inline-flex"
                      fontSize="md"
                      fontWeight="semibold"
                      height={10}
                      justifyContent="center"
                      lineHeight="1.2"
                      mb={null}
                      minWidth={10}
                      onClick={[Function]}
                      outline="none"
                      position="relative"
                      px={4}
                      transition="all 250ms"
                      type="button"
                      userSelect="none"
                      verticalAlign="middle"
                      whiteSpace="nowrap"
                      width="full"
                    >
                      <button
                        className="css-c8cukl"
                        onClick={[Function]}
                        type="button"
                      >
                        <ButtonIcon
                          icon="edit"
                          ml={-1}
                          mr={2}
                        >
                          <Icon
                            aria-hidden="true"
                            color="currentColor"
                            focusable="false"
                            ml={-1}
                            mr={2}
                            name="edit"
                          >
                            <Styled(div)
                              aria-hidden="true"
                              as="svg"
                              color="currentColor"
                              display="inline-block"
                              focusable="false"
                              ml={-1}
                              mr={2}
                              role="presentation"
                              size="1em"
                              verticalAlign="middle"
                              viewBox="0 0 24 24"
                            >
                              <svg
                                aria-hidden="true"
                                className="css-yxiis9"
                                focusable="false"
                                role="presentation"
                                viewBox="0 0 24 24"
                              >
                                <g
                                  fill="none"
                                  stroke="currentColor"
                                  strokeLinecap="full"
                                  strokeWidth="2"
                                >
                                  <path
                                    d="M11 4H4a2 2 0 0 0-2 2v14a2 2 0 0 0 2 2h14a2 2 0 0 0 2-2v-7"
                                  />
                                  <path
                                    d="M18.5 2.5a2.121 2.121 0 0 1 3 3L12 15l-4 1 1-4 9.5-9.5z"
                                  />
                                </g>
                              </svg>
                            </Styled(div)>
                          </Icon>
                        </ButtonIcon>
                        New
                      </button>
                    </PseudoBox>
                  </Button>
                </div>
              </Box>
            </Flex>
          </ForwardRef>
        </div>
      </Box>
    </Flex>
  </ForwardRef>
</SelectStops>
`;
