// Jest Snapshot v1, https://goo.gl/fbAQLP

exports[`actions > analysis setIsochroneFetchStatus should work 1`] = `
Object {
  "type": "set isochrone fetch status",
}
`;

exports[`actions > analysis setScenarioApplicationErrors should work 1`] = `
Object {
  "payload": Array [
    Object {
      "messages": Array [
        "Headway is not greater than zero.",
      ],
      "modificationId": "Add Trip Pattern",
      "title": "Error while applying the modification entitled 'Add Trip Pattern'.",
    },
  ],
  "type": "set scenario application errors",
}
`;
