// Jest Snapshot v1, https://goo.gl/fbAQLP

exports[`Actions > Analysis > Regional setActiveRegionalAnalyses should work 1`] = `
Object {
  "type": "set active regional analyses",
}
`;

exports[`Actions > Analysis > Regional setRegionalAnalyses should work 1`] = `
Object {
  "payload": Array [
    Object {
      "_id": "abcd",
      "accessGroup": "accessGroupName",
      "bounds": Object {},
      "bundleId": "1",
      "complete": true,
      "createdAt": "2017-11-08T12:30:50.133Z",
      "createdBy": "person@gmail.com",
      "cutoffMinutes": 60,
      "cutoffsMinutes": Array [
        60,
      ],
      "deleted": false,
      "destinationPointSetIds": Array [
        "Jobs_total",
      ],
      "grid": "Jobs_total",
      "height": 300,
      "name": "ANALYSIS 1",
      "nonce": "12345",
      "north": 20024,
      "projectId": "1",
      "request": Object {
        "accessModes": "WALK",
        "bikeSafe": 1,
        "bikeSlope": 1,
        "bikeSpeed": 4.166666666666667,
        "bikeTime": 1,
        "bounds": Object {
          "east": -76,
          "north": 39,
          "south": 38,
          "west": -77,
        },
        "bundleId": "1",
        "date": "2016-01-16",
        "defaultExpanded": true,
        "directModes": "WALK",
        "egressModes": "WALK",
        "fromLat": 12,
        "fromLon": 34,
        "fromTime": 25200,
        "maxBikeTime": 20,
        "maxRides": 4,
        "maxTripDurationMinutes": 60,
        "maxWalkTime": 20,
        "monteCarloDraws": 200,
        "name": "Profile Request Test",
        "projectId": "1",
        "reachabilityThreshold": 0,
        "regionId": "1",
        "toTime": 32400,
        "transitModes": "BUS,TRAM,RAIL,SUBWAY",
        "travelTimePercentile": 50,
        "variantIndex": 0,
        "walkSpeed": 1.3888888888888888,
        "workerVersion": "v4.0.0",
      },
      "status": "DONE",
      "travelTimePercentile": -1,
      "travelTimePercentiles": Array [
        50,
      ],
      "updatedAt": "2017-11-08T12:31:19.602Z",
      "updatedBy": "person@gmail.com",
      "variant": 0,
      "west": 20015,
      "width": 300,
      "workerVersion": "v3.2.0",
      "zoom": 9,
    },
    Object {
      "_id": "efgh",
      "accessGroup": "accessGroupName",
      "bounds": Object {},
      "bundleId": "1",
      "complete": true,
      "createdAt": "2017-11-08T12:30:50.133Z",
      "createdBy": "person@gmail.com",
      "cutoffMinutes": 60,
      "cutoffsMinutes": Array [
        60,
      ],
      "deleted": false,
      "destinationPointSetIds": Array [
        "Jobs_total",
      ],
      "grid": "Jobs_total",
      "height": 300,
      "name": "ANALYSIS 2",
      "nonce": "12345",
      "north": 20024,
      "projectId": "1",
      "request": Object {
        "accessModes": "WALK",
        "bikeSafe": 1,
        "bikeSlope": 1,
        "bikeSpeed": 4.166666666666667,
        "bikeTime": 1,
        "bounds": Object {
          "east": -76,
          "north": 39,
          "south": 38,
          "west": -77,
        },
        "bundleId": "1",
        "date": "2016-01-16",
        "defaultExpanded": true,
        "directModes": "WALK",
        "egressModes": "WALK",
        "fromLat": 12,
        "fromLon": 34,
        "fromTime": 25200,
        "maxBikeTime": 20,
        "maxRides": 4,
        "maxTripDurationMinutes": 60,
        "maxWalkTime": 20,
        "monteCarloDraws": 200,
        "name": "Profile Request Test",
        "projectId": "1",
        "reachabilityThreshold": 0,
        "regionId": "1",
        "toTime": 32400,
        "transitModes": "BUS,TRAM,RAIL,SUBWAY",
        "travelTimePercentile": 50,
        "variantIndex": 0,
        "walkSpeed": 1.3888888888888888,
        "workerVersion": "v4.0.0",
      },
      "status": "DONE",
      "travelTimePercentile": 50,
      "travelTimePercentiles": Array [
        50,
      ],
      "updatedAt": "2017-11-08T12:31:19.602Z",
      "updatedBy": "person@gmail.com",
      "variant": 1,
      "west": 20015,
      "width": 300,
      "workerVersion": "v3.2.0",
      "zoom": 9,
    },
  ],
  "type": "set regional analyses",
}
`;
