// Jest Snapshot v1, https://goo.gl/fbAQLP

exports[`should get the distances correctly for the active modifications segments 1`] = `
Array [
  "111.19508023",
]
`;
