// Jest Snapshot v1, https://goo.gl/fbAQLP

exports[`Icon should render and match snapshot 1`] = `
<FontAwesomeIcon
  border={false}
  className=""
  fixedWidth={true}
  flip={null}
  icon={
    Object {
      "icon": Array [],
      "iconName": "plus",
      "prefix": "fas",
    }
  }
  inverse={false}
  listItem={false}
  mask={null}
  pull={null}
  pulse={false}
  rotation={null}
  size={null}
  spin={false}
  swapOpacity={false}
  symbol={false}
  title=""
  transform={null}
/>
`;
