// Jest Snapshot v1, https://goo.gl/fbAQLP

exports[`Component > Panel Body renders correctly 1`] = `
<Body>
  <Box
    p={4}
  >
    <div
      className="css-1wcaknn"
    >
      Body text
    </div>
  </Box>
</Body>
`;

exports[`Component > Panel Heading renders correctly 1`] = `
<Heading>
  <Flex
    bg="gray.50"
    justify="space-between"
    p={4}
    role="button"
  >
    <Box
      bg="gray.50"
      display="flex"
      justifyContent="space-between"
      p={4}
      role="button"
    >
      <div
        className="css-14uk9yj"
        role="button"
      >
        Heading text
      </div>
    </Box>
  </Flex>
</Heading>
`;

exports[`Component > Panel Panel renders correctly 1`] = `
<Panel>
  <Box
    borderWidth="1px"
    shadow="xs"
  >
    <div
      className="css-1loeamy"
    >
      Panel text
    </div>
  </Box>
</Panel>
`;
