// Jest Snapshot v1, https://goo.gl/fbAQLP

exports[`Component > ProjectTitle 1`] = `
<ProjectTitle
  project={
    Object {
      "_id": "1",
      "accessGroup": "accessGroupName",
      "bundleId": "1",
      "createdAt": "2017-11-08T12:30:50.133Z",
      "createdBy": "person@gmail.com",
      "name": "Mock Project",
      "nonce": "12345",
      "regionId": "1",
      "updatedAt": "2017-11-08T12:31:19.602Z",
      "updatedBy": "person@gmail.com",
      "variants": Array [
        "Default",
      ],
    }
  }
>
  <Flex
    align="center"
    borderBottom="1px solid #E2E8F0"
    p={2}
    width="320px"
  >
    <Box
      alignItems="center"
      borderBottom="1px solid #E2E8F0"
      display="flex"
      p={2}
      width="320px"
    >
      <div
        className="css-hyly4r"
      >
        <IconButton
          icon={
            Object {
              "icon": Array [],
              "iconName": "chevron-left",
              "prefix": "fas",
            }
          }
          label="All projects"
          onClick={[Function]}
        >
          <Box>
            <div
              className="css-0"
            >
              <Tip
                label="All projects"
                placement="auto"
              >
                <Tooltip
                  aria-label="Tooltip: All projects"
                  fontSize="md"
                  hasArrow={true}
                  label="All projects"
                  placement="auto"
                  zIndex={1500}
                >
                  <Button
                    aria-label="All projects"
                    isActive={false}
                    isDisabled={false}
                    onBlur={[Function]}
                    onClick={[Function]}
                    onFocus={[Function]}
                    onMouseEnter={[Function]}
                    onMouseLeave={[Function]}
                    size="sm"
                    variant="ghost"
                    variantColor="blue"
                  >
                    <PseudoBox
                      _active={
                        Object {
                          "bg": "blue.100",
                        }
                      }
                      _disabled={
                        Object {
                          "boxShadow": "none",
                          "cursor": "not-allowed",
                          "opacity": "40%",
                        }
                      }
                      _focus={
                        Object {
                          "boxShadow": "outline",
                        }
                      }
                      _hover={
                        Object {
                          "bg": "blue.50",
                        }
                      }
                      alignItems="center"
                      appearance="none"
                      aria-label="All projects"
                      as="button"
                      bg="transparent"
                      borderRadius="md"
                      color="blue.500"
                      display="inline-flex"
                      fontSize="sm"
                      fontWeight="semibold"
                      height={8}
                      justifyContent="center"
                      lineHeight="1.2"
                      minWidth={8}
                      onBlur={[Function]}
                      onClick={[Function]}
                      onFocus={[Function]}
                      onMouseEnter={[Function]}
                      onMouseLeave={[Function]}
                      outline="none"
                      position="relative"
                      px={3}
                      transition="all 250ms"
                      type="button"
                      userSelect="none"
                      verticalAlign="middle"
                      whiteSpace="nowrap"
                    >
                      <button
                        aria-label="All projects"
                        className="css-ig2uvu"
                        onBlur={[Function]}
                        onClick={[Function]}
                        onFocus={[Function]}
                        onMouseEnter={[Function]}
                        onMouseLeave={[Function]}
                        type="button"
                      >
                        <Icon
                          fixedWidth={false}
                          icon={
                            Object {
                              "icon": Array [],
                              "iconName": "chevron-left",
                              "prefix": "fas",
                            }
                          }
                        >
                          <FontAwesomeIcon
                            border={false}
                            className=""
                            fixedWidth={false}
                            flip={null}
                            icon={
                              Object {
                                "icon": Array [],
                                "iconName": "chevron-left",
                                "prefix": "fas",
                              }
                            }
                            inverse={false}
                            listItem={false}
                            mask={null}
                            pull={null}
                            pulse={false}
                            rotation={null}
                            size={null}
                            spin={false}
                            swapOpacity={false}
                            symbol={false}
                            title=""
                            transform={null}
                          >
                            <svg
                              aria-hidden="true"
                              className="svg-inline--fa fa-chevron-left fa-w-NaN "
                              data-icon="chevron-left"
                              data-prefix="fas"
                              focusable="false"
                              role="img"
                              style={Object {}}
                              viewBox="0 0 undefined undefined"
                              xmlns="http://www.w3.org/2000/svg"
                            >
                              <path
                                fill="currentColor"
                                style={Object {}}
                              />
                            </svg>
                          </FontAwesomeIcon>
                        </Icon>
                      </button>
                    </PseudoBox>
                  </Button>
                  <ForwardRef
                    anchorEl={
                      <button
                        aria-label="All projects"
                        class="css-ig2uvu"
                        type="button"
                      >
                        <svg
                          aria-hidden="true"
                          class="svg-inline--fa fa-chevron-left fa-w-NaN "
                          data-icon="chevron-left"
                          data-prefix="fas"
                          focusable="false"
                          role="img"
                          viewBox="0 0 undefined undefined"
                          xmlns="http://www.w3.org/2000/svg"
                        >
                          <path
                            fill="currentColor"
                          />
                        </svg>
                      </button>
                    }
                    arrowSize="10px"
                    bg="gray.700"
                    borderRadius="sm"
                    color="whiteAlpha.900"
                    fontSize="md"
                    fontWeight="medium"
                    hasArrow={true}
                    isOpen={false}
                    maxW="320px"
                    modifiers={
                      Object {
                        "offset": Object {
                          "enabled": true,
                          "offset": "0, 8",
                        },
                      }
                    }
                    placement="auto"
                    pointerEvents="none"
                    px="8px"
                    py="2px"
                    shadow="md"
                    timeout={200}
                    usePortal={true}
                    zIndex={1500}
                  />
                </Tooltip>
              </Tip>
            </div>
          </Box>
        </IconButton>
        <Heading
          flex="1"
          ml={2}
          overflow="hidden"
          size="md"
          style={
            Object {
              "textOverflow": "ellipsis",
            }
          }
          whiteSpace="nowrap"
        >
          <Box
            as="h2"
            flex="1"
            fontFamily="heading"
            fontSize="xl"
            fontWeight="bold"
            lineHeight="shorter"
            ml={2}
            overflow="hidden"
            style={
              Object {
                "textOverflow": "ellipsis",
              }
            }
            whiteSpace="nowrap"
          >
            <h2
              className="css-1ruodvp"
              style={
                Object {
                  "textOverflow": "ellipsis",
                }
              }
            >
              Mock Project
            </h2>
          </Box>
        </Heading>
        <Flex>
          <Box
            display="flex"
          >
            <div
              className="css-k008qs"
            >
              <IconButton
                icon={
                  Object {
                    "icon": Array [],
                    "iconName": "external-link-alt",
                    "prefix": "fas",
                  }
                }
                label="Download or share this project"
                onClick={[Function]}
              >
                <Box>
                  <div
                    className="css-0"
                  >
                    <Tip
                      label="Download or share this project"
                      placement="auto"
                    >
                      <Tooltip
                        aria-label="Tooltip: Download or share this project"
                        fontSize="md"
                        hasArrow={true}
                        label="Download or share this project"
                        placement="auto"
                        zIndex={1500}
                      >
                        <Button
                          aria-label="Download or share this project"
                          isActive={false}
                          isDisabled={false}
                          onBlur={[Function]}
                          onClick={[Function]}
                          onFocus={[Function]}
                          onMouseEnter={[Function]}
                          onMouseLeave={[Function]}
                          size="sm"
                          variant="ghost"
                          variantColor="blue"
                        >
                          <PseudoBox
                            _active={
                              Object {
                                "bg": "blue.100",
                              }
                            }
                            _disabled={
                              Object {
                                "boxShadow": "none",
                                "cursor": "not-allowed",
                                "opacity": "40%",
                              }
                            }
                            _focus={
                              Object {
                                "boxShadow": "outline",
                              }
                            }
                            _hover={
                              Object {
                                "bg": "blue.50",
                              }
                            }
                            alignItems="center"
                            appearance="none"
                            aria-label="Download or share this project"
                            as="button"
                            bg="transparent"
                            borderRadius="md"
                            color="blue.500"
                            display="inline-flex"
                            fontSize="sm"
                            fontWeight="semibold"
                            height={8}
                            justifyContent="center"
                            lineHeight="1.2"
                            minWidth={8}
                            onBlur={[Function]}
                            onClick={[Function]}
                            onFocus={[Function]}
                            onMouseEnter={[Function]}
                            onMouseLeave={[Function]}
                            outline="none"
                            position="relative"
                            px={3}
                            transition="all 250ms"
                            type="button"
                            userSelect="none"
                            verticalAlign="middle"
                            whiteSpace="nowrap"
                          >
                            <button
                              aria-label="Download or share this project"
                              className="css-ig2uvu"
                              onBlur={[Function]}
                              onClick={[Function]}
                              onFocus={[Function]}
                              onMouseEnter={[Function]}
                              onMouseLeave={[Function]}
                              type="button"
                            >
                              <Icon
                                fixedWidth={false}
                                icon={
                                  Object {
                                    "icon": Array [],
                                    "iconName": "external-link-alt",
                                    "prefix": "fas",
                                  }
                                }
                              >
                                <FontAwesomeIcon
                                  border={false}
                                  className=""
                                  fixedWidth={false}
                                  flip={null}
                                  icon={
                                    Object {
                                      "icon": Array [],
                                      "iconName": "external-link-alt",
                                      "prefix": "fas",
                                    }
                                  }
                                  inverse={false}
                                  listItem={false}
                                  mask={null}
                                  pull={null}
                                  pulse={false}
                                  rotation={null}
                                  size={null}
                                  spin={false}
                                  swapOpacity={false}
                                  symbol={false}
                                  title=""
                                  transform={null}
                                >
                                  <svg
                                    aria-hidden="true"
                                    className="svg-inline--fa fa-external-link-alt fa-w-NaN "
                                    data-icon="external-link-alt"
                                    data-prefix="fas"
                                    focusable="false"
                                    role="img"
                                    style={Object {}}
                                    viewBox="0 0 undefined undefined"
                                    xmlns="http://www.w3.org/2000/svg"
                                  >
                                    <path
                                      fill="currentColor"
                                      style={Object {}}
                                    />
                                  </svg>
                                </FontAwesomeIcon>
                              </Icon>
                            </button>
                          </PseudoBox>
                        </Button>
                        <ForwardRef
                          anchorEl={
                            <button
                              aria-label="Download or share this project"
                              class="css-ig2uvu"
                              type="button"
                            >
                              <svg
                                aria-hidden="true"
                                class="svg-inline--fa fa-external-link-alt fa-w-NaN "
                                data-icon="external-link-alt"
                                data-prefix="fas"
                                focusable="false"
                                role="img"
                                viewBox="0 0 undefined undefined"
                                xmlns="http://www.w3.org/2000/svg"
                              >
                                <path
                                  fill="currentColor"
                                />
                              </svg>
                            </button>
                          }
                          arrowSize="10px"
                          bg="gray.700"
                          borderRadius="sm"
                          color="whiteAlpha.900"
                          fontSize="md"
                          fontWeight="medium"
                          hasArrow={true}
                          isOpen={false}
                          maxW="320px"
                          modifiers={
                            Object {
                              "offset": Object {
                                "enabled": true,
                                "offset": "0, 8",
                              },
                            }
                          }
                          placement="auto"
                          pointerEvents="none"
                          px="8px"
                          py="2px"
                          shadow="md"
                          timeout={200}
                          usePortal={true}
                          zIndex={1500}
                        />
                      </Tooltip>
                    </Tip>
                  </div>
                </Box>
              </IconButton>
              <IconButton
                icon={
                  Object {
                    "icon": Array [],
                    "iconName": "cog",
                    "prefix": "fas",
                  }
                }
                label="Edit project settings"
                onClick={[Function]}
              >
                <Box>
                  <div
                    className="css-0"
                  >
                    <Tip
                      label="Edit project settings"
                      placement="auto"
                    >
                      <Tooltip
                        aria-label="Tooltip: Edit project settings"
                        fontSize="md"
                        hasArrow={true}
                        label="Edit project settings"
                        placement="auto"
                        zIndex={1500}
                      >
                        <Button
                          aria-label="Edit project settings"
                          isActive={false}
                          isDisabled={false}
                          onBlur={[Function]}
                          onClick={[Function]}
                          onFocus={[Function]}
                          onMouseEnter={[Function]}
                          onMouseLeave={[Function]}
                          size="sm"
                          variant="ghost"
                          variantColor="blue"
                        >
                          <PseudoBox
                            _active={
                              Object {
                                "bg": "blue.100",
                              }
                            }
                            _disabled={
                              Object {
                                "boxShadow": "none",
                                "cursor": "not-allowed",
                                "opacity": "40%",
                              }
                            }
                            _focus={
                              Object {
                                "boxShadow": "outline",
                              }
                            }
                            _hover={
                              Object {
                                "bg": "blue.50",
                              }
                            }
                            alignItems="center"
                            appearance="none"
                            aria-label="Edit project settings"
                            as="button"
                            bg="transparent"
                            borderRadius="md"
                            color="blue.500"
                            display="inline-flex"
                            fontSize="sm"
                            fontWeight="semibold"
                            height={8}
                            justifyContent="center"
                            lineHeight="1.2"
                            minWidth={8}
                            onBlur={[Function]}
                            onClick={[Function]}
                            onFocus={[Function]}
                            onMouseEnter={[Function]}
                            onMouseLeave={[Function]}
                            outline="none"
                            position="relative"
                            px={3}
                            transition="all 250ms"
                            type="button"
                            userSelect="none"
                            verticalAlign="middle"
                            whiteSpace="nowrap"
                          >
                            <button
                              aria-label="Edit project settings"
                              className="css-ig2uvu"
                              onBlur={[Function]}
                              onClick={[Function]}
                              onFocus={[Function]}
                              onMouseEnter={[Function]}
                              onMouseLeave={[Function]}
                              type="button"
                            >
                              <Icon
                                fixedWidth={false}
                                icon={
                                  Object {
                                    "icon": Array [],
                                    "iconName": "cog",
                                    "prefix": "fas",
                                  }
                                }
                              >
                                <FontAwesomeIcon
                                  border={false}
                                  className=""
                                  fixedWidth={false}
                                  flip={null}
                                  icon={
                                    Object {
                                      "icon": Array [],
                                      "iconName": "cog",
                                      "prefix": "fas",
                                    }
                                  }
                                  inverse={false}
                                  listItem={false}
                                  mask={null}
                                  pull={null}
                                  pulse={false}
                                  rotation={null}
                                  size={null}
                                  spin={false}
                                  swapOpacity={false}
                                  symbol={false}
                                  title=""
                                  transform={null}
                                >
                                  <svg
                                    aria-hidden="true"
                                    className="svg-inline--fa fa-cog fa-w-NaN "
                                    data-icon="cog"
                                    data-prefix="fas"
                                    focusable="false"
                                    role="img"
                                    style={Object {}}
                                    viewBox="0 0 undefined undefined"
                                    xmlns="http://www.w3.org/2000/svg"
                                  >
                                    <path
                                      fill="currentColor"
                                      style={Object {}}
                                    />
                                  </svg>
                                </FontAwesomeIcon>
                              </Icon>
                            </button>
                          </PseudoBox>
                        </Button>
                        <ForwardRef
                          anchorEl={
                            <button
                              aria-label="Edit project settings"
                              class="css-ig2uvu"
                              type="button"
                            >
                              <svg
                                aria-hidden="true"
                                class="svg-inline--fa fa-cog fa-w-NaN "
                                data-icon="cog"
                                data-prefix="fas"
                                focusable="false"
                                role="img"
                                viewBox="0 0 undefined undefined"
                                xmlns="http://www.w3.org/2000/svg"
                              >
                                <path
                                  fill="currentColor"
                                />
                              </svg>
                            </button>
                          }
                          arrowSize="10px"
                          bg="gray.700"
                          borderRadius="sm"
                          color="whiteAlpha.900"
                          fontSize="md"
                          fontWeight="medium"
                          hasArrow={true}
                          isOpen={false}
                          maxW="320px"
                          modifiers={
                            Object {
                              "offset": Object {
                                "enabled": true,
                                "offset": "0, 8",
                              },
                            }
                          }
                          placement="auto"
                          pointerEvents="none"
                          px="8px"
                          py="2px"
                          shadow="md"
                          timeout={200}
                          usePortal={true}
                          zIndex={1500}
                        />
                      </Tooltip>
                    </Tip>
                  </div>
                </Box>
              </IconButton>
            </div>
          </Box>
        </Flex>
      </div>
    </Box>
  </Flex>
</ProjectTitle>
`;
