// Jest Snapshot v1, https://goo.gl/fbAQLP

exports[`Opportunity Datasets > Components > Heading should render 1`] = `<ODHeading />`;
