// Jest Snapshot v1, https://goo.gl/fbAQLP

exports[`Opportunity Datasets > Components > List should render without errors 1`] = `
<ListOpportunityDatasets>
  <ForwardRef
    spacing={5}
  >
    <Flex
      direction="column"
    >
      <Box
        display="flex"
        flexDirection="column"
      >
        <div
          className="css-j7qwjs"
        >
          <ForwardRef
            key=".2"
            mb={5}
            spacing={2}
          >
            <Flex
              direction="column"
              mb={5}
            >
              <Box
                display="flex"
                flexDirection="column"
                mb={5}
              >
                <div
                  className="css-1lkhj0t"
                >
                  <ForwardRef
                    key=".0"
                    leftIcon="small-add"
                    mb={2}
                    query={
                      Object {
                        "regionId": undefined,
                      }
                    }
                    to="opportunitiesUpload"
                    variantColor="green"
                  >
                    <InternalLink
                      to="opportunitiesUpload"
                    >
                      <Link
                        as="/regions/undefined/opportunities/upload"
                        href={
                          Object {
                            "pathname": "/regions/[regionId]/opportunities/upload",
                            "query": Object {},
                          }
                        }
                        passHref={true}
                      >
                        <Button
                          href="/regions/undefined/opportunities/upload"
                          leftIcon="small-add"
                          mb={2}
                          onClick={[Function]}
                          onMouseEnter={[Function]}
                          variantColor="green"
                        >
                          <PseudoBox
                            _active={
                              Object {
                                "bg": "green.700",
                              }
                            }
                            _disabled={
                              Object {
                                "boxShadow": "none",
                                "cursor": "not-allowed",
                                "opacity": "40%",
                              }
                            }
                            _focus={
                              Object {
                                "boxShadow": "outline",
                              }
                            }
                            _hover={
                              Object {
                                "bg": "green.600",
                              }
                            }
                            alignItems="center"
                            appearance="none"
                            as="button"
                            bg="green.500"
                            borderRadius="md"
                            color="white"
                            display="inline-flex"
                            fontSize="md"
                            fontWeight="semibold"
                            height={10}
                            href="/regions/undefined/opportunities/upload"
                            justifyContent="center"
                            lineHeight="1.2"
                            mb={2}
                            minWidth={10}
                            onClick={[Function]}
                            onMouseEnter={[Function]}
                            outline="none"
                            position="relative"
                            px={4}
                            transition="all 250ms"
                            type="button"
                            userSelect="none"
                            verticalAlign="middle"
                            whiteSpace="nowrap"
                          >
                            <button
                              className="css-60g1fo"
                              href="/regions/undefined/opportunities/upload"
                              onClick={[Function]}
                              onMouseEnter={[Function]}
                              type="button"
                            >
                              <ButtonIcon
                                icon="small-add"
                                ml={-1}
                                mr={2}
                              >
                                <Icon
                                  aria-hidden="true"
                                  color="currentColor"
                                  focusable="false"
                                  ml={-1}
                                  mr={2}
                                  name="small-add"
                                >
                                  <Styled(div)
                                    aria-hidden="true"
                                    as="svg"
                                    color="currentColor"
                                    display="inline-block"
                                    focusable="false"
                                    ml={-1}
                                    mr={2}
                                    role="presentation"
                                    size="1em"
                                    verticalAlign="middle"
                                    viewBox="0 0 20 20"
                                  >
                                    <svg
                                      aria-hidden="true"
                                      className="css-yxiis9"
                                      focusable="false"
                                      role="presentation"
                                      viewBox="0 0 20 20"
                                    >
                                      <path
                                        d="M14 9h-3V6c0-.55-.45-1-1-1s-1 .45-1 1v3H6c-.55 0-1 .45-1 1s.45 1 1 1h3v3c0 .55.45 1 1 1s1-.45 1-1v-3h3c.55 0 1-.45 1-1s-.45-1-1-1z"
                                        fill="currentColor"
                                        fillRule="evenodd"
                                      />
                                    </svg>
                                  </Styled(div)>
                                </Icon>
                              </ButtonIcon>
                              Upload a new dataset
                            </button>
                          </PseudoBox>
                        </Button>
                      </Link>
                    </InternalLink>
                  </ForwardRef>
                  <Button
                    key=".1"
                    mb={null}
                    onClick={[Function]}
                    variantColor="blue"
                  >
                    <PseudoBox
                      _active={
                        Object {
                          "bg": "blue.700",
                        }
                      }
                      _disabled={
                        Object {
                          "boxShadow": "none",
                          "cursor": "not-allowed",
                          "opacity": "40%",
                        }
                      }
                      _focus={
                        Object {
                          "boxShadow": "outline",
                        }
                      }
                      _hover={
                        Object {
                          "bg": "blue.600",
                        }
                      }
                      alignItems="center"
                      appearance="none"
                      as="button"
                      bg="blue.500"
                      borderRadius="md"
                      color="white"
                      display="inline-flex"
                      fontSize="md"
                      fontWeight="semibold"
                      height={10}
                      justifyContent="center"
                      lineHeight="1.2"
                      mb={null}
                      minWidth={10}
                      onClick={[Function]}
                      outline="none"
                      position="relative"
                      px={4}
                      transition="all 250ms"
                      type="button"
                      userSelect="none"
                      verticalAlign="middle"
                      whiteSpace="nowrap"
                    >
                      <button
                        className="css-1or62k6"
                        onClick={[Function]}
                        type="button"
                      >
                        Fetch LODES (2015)
                      </button>
                    </PseudoBox>
                  </Button>
                </div>
              </Box>
            </Flex>
          </ForwardRef>
          <Box
            key=".3"
            mb={5}
            textAlign="center"
          >
            <div
              className="css-16uprxs"
            >
              <label
                htmlFor="select-opportunity-dataset"
              >
                or select an existing one
              </label>
            </div>
          </Box>
          <Box
            key=".4"
            mb={null}
          >
            <div
              className="css-0"
            >
              <OpportunityDatasetSelector>
                <ForwardRef
                  getOptionLabel={[Function]}
                  getOptionValue={[Function]}
                  inputId="select-opportunity-dataset"
                  isClearable={true}
                  isDisabled={false}
                  isLoading={false}
                  name="select-opportunity-dataset"
                  onChange={[Function]}
                  options={
                    Array [
                      Object {
                        "_id": "Workers_total",
                        "name": "Workers total",
                        "sourceName": "lodes-data-2014",
                      },
                    ]
                  }
                >
                  <ReactSelect
                    getOptionLabel={[Function]}
                    getOptionValue={[Function]}
                    innerRef={
                      Object {
                        "current": undefined,
                      }
                    }
                    inputId="select-opportunity-dataset"
                    isClearable={true}
                    isDisabled={false}
                    isLoading={false}
                    name="select-opportunity-dataset"
                    onChange={[Function]}
                    options={
                      Array [
                        Object {
                          "_id": "Workers_total",
                          "name": "Workers total",
                          "sourceName": "lodes-data-2014",
                        },
                      ]
                    }
                    styles={
                      Object {
                        "control": [Function],
                        "menu": [Function],
                        "option": [Function],
                      }
                    }
                  >
                    <div
                      className="ReactSelectMock"
                    />
                  </ReactSelect>
                </ForwardRef>
              </OpportunityDatasetSelector>
            </div>
          </Box>
        </div>
      </Box>
    </Flex>
  </ForwardRef>
</ListOpportunityDatasets>
`;
