// Jest Snapshot v1, https://goo.gl/fbAQLP

exports[`Project-Map > StopLayer renders correctly 1`] = `
<InternalPane
  zIndex={503}
>
  <Memo()
    color="blue"
    key="1"
    onSelect={[MockFunction]}
    stop={
      Object {
        "stop_id": "1",
        "stop_lat": 36.9707,
        "stop_lon": -122.0246,
        "stop_name": "Santa Cruz",
      }
    }
  />
  <Memo()
    color="blue"
    key="2"
    onSelect={[MockFunction]}
    stop={
      Object {
        "stop_id": "2",
        "stop_lat": 37.049,
        "stop_lon": -122.0279,
        "stop_name": "Scotts Valley",
      }
    }
  />
</InternalPane>
`;
