// Jest Snapshot v1, https://goo.gl/fbAQLP

exports[`Components > Analysis > Profile Request Editor should render correctly 1`] = `
<SimpleGrid
  columns={4}
  setProfileRequest={[MockFunction]}
  spacing={5}
>
  <FormControl
    display="inherit"
    isDisabled={false}
    isInvalid={false}
  >
    <FormLabel
      htmlFor="00000000-0000-0000-0000-000000000000"
    >
      Date
    </FormLabel>
    <Input
      as="input"
      errorBorderColor="red.500"
      focusBorderColor="blue.500"
      id="00000000-0000-0000-0000-000000000000"
      isFullWidth={true}
      isInvalid={false}
      isValid={true}
      onChange={[Function]}
      size="md"
      type="date"
      value="2016-01-16"
      variant="outline"
    />
  </FormControl>
  <Memo(TimePicker)
    disabled={false}
    display="inherit"
    label="From time"
    onChange={[Function]}
    value={25200}
  />
  <Memo(TimePicker)
    disabled={false}
    display="inherit"
    label="To time"
    onChange={[Function]}
    value={32400}
  />
  <FormControl
    display="inherit"
    isDisabled={false}
    isInvalid={false}
  >
    <FormLabel
      htmlFor="00000000-0000-0000-0000-000000000000"
    >
      Maximum transfers
    </FormLabel>
    <Input
      as="input"
      errorBorderColor="red.500"
      focusBorderColor="blue.500"
      id="00000000-0000-0000-0000-000000000000"
      isFullWidth={true}
      isInvalid={false}
      isValid={true}
      onChange={[Function]}
      size="md"
      type="number"
      value={3}
      variant="outline"
    />
  </FormControl>
  <FormControl
    display="inherit"
    isDisabled={false}
    isInvalid={false}
  >
    <FormLabel
      htmlFor="00000000-0000-0000-0000-000000000000"
    >
      Walk speed
    </FormLabel>
    <Tip
      label="Range 3-15"
      placement="bottom"
    >
      <ForwardRef
        id="00000000-0000-0000-0000-000000000000"
        isInvalid={false}
        isValid={true}
        onChange={[Function]}
        type="number"
        units="km/h"
        value={5}
      />
    </Tip>
  </FormControl>
  <FormControl
    display="inherit"
    isDisabled={false}
    isInvalid={false}
  >
    <FormLabel
      htmlFor="00000000-0000-0000-0000-000000000000"
    >
      Max walk time
    </FormLabel>
    <Tip
      label="Maximum of 60. Lower time limits apply to transfers and egress legs."
      placement="bottom"
    >
      <ForwardRef
        id="00000000-0000-0000-0000-000000000000"
        isInvalid={false}
        isValid={true}
        onChange={[Function]}
        units="minutes"
        value={20}
      />
    </Tip>
  </FormControl>
  <FormControl
    display="none"
    isDisabled={false}
    isInvalid={false}
  >
    <FormLabel
      htmlFor="00000000-0000-0000-0000-000000000000"
    >
      Bike speed
    </FormLabel>
    <Tip
      label="Range 5-20"
      placement="bottom"
    >
      <ForwardRef
        id="00000000-0000-0000-0000-000000000000"
        isInvalid={false}
        isValid={true}
        onChange={[Function]}
        type="number"
        units="km/h"
        value={15}
      />
    </Tip>
  </FormControl>
  <FormControl
    display="none"
    isDisabled={false}
    isInvalid={false}
  >
    <FormLabel
      htmlFor="00000000-0000-0000-0000-000000000000"
    >
      Max bike time
    </FormLabel>
    <Tip
      label="Maximum of 60. Lower time limits apply to transfer and egress legs."
      placement="bottom"
    >
      <ForwardRef
        id="00000000-0000-0000-0000-000000000000"
        isInvalid={false}
        isValid={true}
        onChange={[Function]}
        units="minutes"
        value={20}
      />
    </Tip>
  </FormControl>
  <FormControl
    display="none"
    isDisabled={false}
  >
    <Flex
      justify="space-between"
    >
      <FormLabel
        htmlFor="bikeLts"
      >
        Max LTS
      </FormLabel>
      <div>
        <DocsLink
          to="learn-more/lts"
        />
      </div>
    </Flex>
    <Select
      id="bikeLts"
      onChange={[Function]}
      value={4}
    >
      <option
        value={1}
      >
        1 - Low stress
      </option>
      <option
        value={2}
      >
        2
      </option>
      <option
        value={3}
      >
        3
      </option>
      <option
        value={4}
      >
        4 - High stress
      </option>
    </Select>
  </FormControl>
  <DecayFunction
    isDisabled={true}
    update={[Function]}
    value={
      Object {
        "type": "step",
      }
    }
  />
  <FormControl
    display="inherit"
    isDisabled={false}
    isInvalid={false}
  >
    <FormLabel
      htmlFor="00000000-0000-0000-0000-000000000000"
    >
      Simulated schedules
    </FormLabel>
    <Input
      as="input"
      errorBorderColor="red.500"
      focusBorderColor="blue.500"
      id="00000000-0000-0000-0000-000000000000"
      isFullWidth={true}
      isInvalid={false}
      isValid={true}
      onChange={[Function]}
      size="md"
      value={200}
      variant="outline"
    />
  </FormControl>
</SimpleGrid>
`;
