// Jest Snapshot v1, https://goo.gl/fbAQLP

exports[`Component ScenarioApplicationError snapshot(mount) 1`] = `
<ScenarioApplicationError
  error={
    Object {
      "messages": Array [
        "Headway is not greater than zero.",
      ],
      "modificationId": "Add Trip Pattern",
      "title": "Error while applying the modification entitled 'Add Trip Pattern'.",
    }
  }
>
  <Collapsible
    title="Error while applying the modification entitled 'Add Trip Pattern'."
  >
    <Box>
      <div
        className="css-0"
      >
        <Button
          isFullWidth={true}
          leftIcon="chevron-right"
          onClick={[Function]}
        >
          <PseudoBox
            _active={
              Object {
                "bg": "gray.300",
              }
            }
            _disabled={
              Object {
                "boxShadow": "none",
                "cursor": "not-allowed",
                "opacity": "40%",
              }
            }
            _focus={
              Object {
                "boxShadow": "outline",
              }
            }
            _hover={
              Object {
                "bg": "gray.200",
              }
            }
            alignItems="center"
            appearance="none"
            as="button"
            bg="gray.100"
            borderRadius="md"
            display="inline-flex"
            fontSize="md"
            fontWeight="semibold"
            height={10}
            justifyContent="center"
            lineHeight="1.2"
            minWidth={10}
            onClick={[Function]}
            outline="none"
            position="relative"
            px={4}
            transition="all 250ms"
            type="button"
            userSelect="none"
            verticalAlign="middle"
            whiteSpace="nowrap"
            width="full"
          >
            <button
              className="css-z70eed"
              onClick={[Function]}
              type="button"
            >
              <ButtonIcon
                icon="chevron-right"
                ml={-1}
                mr={2}
              >
                <Icon
                  aria-hidden="true"
                  color="currentColor"
                  focusable="false"
                  ml={-1}
                  mr={2}
                  name="chevron-right"
                >
                  <Styled(div)
                    aria-hidden="true"
                    as="svg"
                    color="currentColor"
                    display="inline-block"
                    focusable="false"
                    ml={-1}
                    mr={2}
                    role="presentation"
                    size="1em"
                    verticalAlign="middle"
                    viewBox="0 0 24 24"
                  >
                    <svg
                      aria-hidden="true"
                      className="css-yxiis9"
                      focusable="false"
                      role="presentation"
                      viewBox="0 0 24 24"
                    >
                      <path
                        d="M10 6L8.59 7.41 13.17 12l-4.58 4.59L10 18l6-6z"
                        fill="currentColor"
                      />
                    </svg>
                  </Styled(div)>
                </Icon>
              </ButtonIcon>
              Error while applying the modification entitled 'Add Trip Pattern'.
            </button>
          </PseudoBox>
        </Button>
        <Collapse
          isOpen={false}
          pt={4}
        >
          <EmotionCssPropInternal
            __EMOTION_TYPE_PLEASE_DO_NOT_USE__={[Function]}
            animateOpacity={true}
            applyInlineTransitions={false}
            css={
              Object {
                "&.rah-animating--to-height-zero": Object {
                  "opacity": 0,
                  "transform": "translateY(-0.625rem)",
                },
                "transition": "height .2s ease,opacity .2s ease-in-out,transform .2s ease-in-out",
              }
            }
            easing="ease"
            height={0}
          >
            <AnimateHeight
              animateOpacity={true}
              animationStateClasses={
                Object {
                  "animating": "rah-animating",
                  "animatingDown": "rah-animating--down",
                  "animatingToHeightAuto": "rah-animating--to-height-auto",
                  "animatingToHeightSpecific": "rah-animating--to-height-specific",
                  "animatingToHeightZero": "rah-animating--to-height-zero",
                  "animatingUp": "rah-animating--up",
                  "static": "rah-static",
                  "staticHeightAuto": "rah-static--height-auto",
                  "staticHeightSpecific": "rah-static--height-specific",
                  "staticHeightZero": "rah-static--height-zero",
                }
              }
              applyInlineTransitions={false}
              className="css-vppuuz"
              delay={0}
              duration={250}
              easing="ease"
              height={0}
              style={Object {}}
            >
              <div
                aria-hidden={true}
                className="rah-static rah-static--height-zero css-vppuuz"
                style={
                  Object {
                    "height": 0,
                    "overflow": "hidden",
                  }
                }
              >
                <div
                  style={
                    Object {
                      "WebkitTransition": "opacity 250ms ease 0ms",
                      "opacity": 0,
                      "transition": "opacity 250ms ease 0ms",
                    }
                  }
                >
                  <Box
                    pt={4}
                  >
                    <div
                      className="css-17bmav7"
                    >
                      <i>
                        In modification Add Trip Pattern
                      </i>
                      <ul>
                        <li
                          key="message-0"
                        >
                          Headway is not greater than zero.
                        </li>
                      </ul>
                    </div>
                  </Box>
                </div>
              </div>
            </AnimateHeight>
          </EmotionCssPropInternal>
        </Collapse>
      </div>
    </Box>
  </Collapsible>
</ScenarioApplicationError>
`;
