// Jest Snapshot v1, https://goo.gl/fbAQLP

exports[`Component AnalysisTitle snapshot(mount) 1`] = `
<AnalysisTitle>
  <Flex
    align="center"
    borderBottom="1px solid #E2E8F0"
    justify="space-between"
    px={5}
    py={4}
    width="640px"
  >
    <Box
      alignItems="center"
      borderBottom="1px solid #E2E8F0"
      display="flex"
      justifyContent="space-between"
      px={5}
      py={4}
      width="640px"
    >
      <div
        className="css-1qie67g"
      >
        <Heading
          alignItems="center"
          display="flex"
          size="md"
        >
          <Box
            alignItems="center"
            as="h2"
            display="flex"
            fontFamily="heading"
            fontSize="xl"
            fontWeight="bold"
            lineHeight="shorter"
          >
            <h2
              className="css-1gvdz3v"
            >
              <Box
                mr={2}
              >
                <div
                  className="css-9u48bm"
                >
                  <Icon
                    icon={
                      Object {
                        "icon": Array [],
                        "iconName": "chart-area",
                        "prefix": "fas",
                      }
                    }
                  >
                    <FontAwesomeIcon
                      border={false}
                      className=""
                      fixedWidth={true}
                      flip={null}
                      icon={
                        Object {
                          "icon": Array [],
                          "iconName": "chart-area",
                          "prefix": "fas",
                        }
                      }
                      inverse={false}
                      listItem={false}
                      mask={null}
                      pull={null}
                      pulse={false}
                      rotation={null}
                      size={null}
                      spin={false}
                      swapOpacity={false}
                      symbol={false}
                      title=""
                      transform={null}
                    >
                      <svg
                        aria-hidden="true"
                        className="svg-inline--fa fa-chart-area fa-w-NaN fa-fw "
                        data-icon="chart-area"
                        data-prefix="fas"
                        focusable="false"
                        role="img"
                        style={Object {}}
                        viewBox="0 0 undefined undefined"
                        xmlns="http://www.w3.org/2000/svg"
                      >
                        <path
                          fill="currentColor"
                          style={Object {}}
                        />
                      </svg>
                    </FontAwesomeIcon>
                  </Icon>
                </div>
              </Box>
              <TitleMessage
                fetchStatus={false}
                project={
                  Object {
                    "_id": "1",
                    "accessGroup": "accessGroupName",
                    "bundleId": "1",
                    "createdAt": "2017-11-08T12:30:50.133Z",
                    "createdBy": "person@gmail.com",
                    "name": "Mock Project",
                    "nonce": "12345",
                    "regionId": "1",
                    "updatedAt": "2017-11-08T12:31:19.602Z",
                    "updatedBy": "person@gmail.com",
                    "variants": Array [
                      "Default",
                    ],
                  }
                }
              >
                <Text>
                  <Box
                    as="p"
                    fontFamily="body"
                  >
                    <p
                      className="css-fzcsno"
                    >
                       
                      Compute travel time
                    </p>
                  </Box>
                </Text>
              </TitleMessage>
            </h2>
          </Box>
        </Heading>
        <Button
          isDisabled={false}
          onClick={[Function]}
          rightIcon="repeat"
          title="Fetch results"
          variantColor="blue"
        >
          <PseudoBox
            _active={
              Object {
                "bg": "blue.700",
              }
            }
            _disabled={
              Object {
                "boxShadow": "none",
                "cursor": "not-allowed",
                "opacity": "40%",
              }
            }
            _focus={
              Object {
                "boxShadow": "outline",
              }
            }
            _hover={
              Object {
                "bg": "blue.600",
              }
            }
            alignItems="center"
            appearance="none"
            as="button"
            bg="blue.500"
            borderRadius="md"
            color="white"
            display="inline-flex"
            fontSize="md"
            fontWeight="semibold"
            height={10}
            justifyContent="center"
            lineHeight="1.2"
            minWidth={10}
            onClick={[Function]}
            outline="none"
            position="relative"
            px={4}
            title="Fetch results"
            transition="all 250ms"
            type="button"
            userSelect="none"
            verticalAlign="middle"
            whiteSpace="nowrap"
          >
            <button
              className="css-1or62k6"
              onClick={[Function]}
              title="Fetch results"
              type="button"
            >
              Fetch results
              <ButtonIcon
                icon="repeat"
                ml={2}
                mr={-1}
              >
                <Icon
                  aria-hidden="true"
                  color="currentColor"
                  focusable="false"
                  ml={2}
                  mr={-1}
                  name="repeat"
                >
                  <Styled(div)
                    aria-hidden="true"
                    as="svg"
                    color="currentColor"
                    display="inline-block"
                    focusable="false"
                    ml={2}
                    mr={-1}
                    role="presentation"
                    size="1em"
                    verticalAlign="middle"
                    viewBox="0 0 24 24"
                  >
                    <svg
                      aria-hidden="true"
                      className="css-yyruks"
                      focusable="false"
                      role="presentation"
                      viewBox="0 0 24 24"
                    >
                      <g
                        fill="currentColor"
                      >
                        <path
                          d="M10.319,4.936a7.239,7.239,0,0,1,7.1,2.252,1.25,1.25,0,1,0,1.872-1.657A9.737,9.737,0,0,0,9.743,2.5,10.269,10.269,0,0,0,2.378,9.61a.249.249,0,0,1-.271.178l-1.033-.13A.491.491,0,0,0,.6,9.877a.5.5,0,0,0-.019.526l2.476,4.342a.5.5,0,0,0,.373.248.43.43,0,0,0,.062,0,.5.5,0,0,0,.359-.152l3.477-3.593a.5.5,0,0,0-.3-.844L5.15,10.172a.25.25,0,0,1-.2-.333A7.7,7.7,0,0,1,10.319,4.936Z"
                        />
                        <path
                          d="M23.406,14.1a.5.5,0,0,0,.015-.526l-2.5-4.329A.5.5,0,0,0,20.546,9a.489.489,0,0,0-.421.151l-3.456,3.614a.5.5,0,0,0,.3.842l1.848.221a.249.249,0,0,1,.183.117.253.253,0,0,1,.023.216,7.688,7.688,0,0,1-5.369,4.9,7.243,7.243,0,0,1-7.1-2.253,1.25,1.25,0,1,0-1.872,1.656,9.74,9.74,0,0,0,9.549,3.03,10.261,10.261,0,0,0,7.369-7.12.251.251,0,0,1,.27-.179l1.058.127a.422.422,0,0,0,.06,0A.5.5,0,0,0,23.406,14.1Z"
                        />
                      </g>
                    </svg>
                  </Styled(div)>
                </Icon>
              </ButtonIcon>
            </button>
          </PseudoBox>
        </Button>
      </div>
    </Box>
  </Flex>
</AnalysisTitle>
`;
