// Jest Snapshot v1, https://goo.gl/fbAQLP

exports[`Utils > Modification isValid should throw an error invalid segments 1`] = `"End stop flag does not match start stop flag of next segment at 0"`;
