// Jest Snapshot v1, https://goo.gl/fbAQLP

exports[`actions > getFeedsRoutesAndStops should fetch new routes 1`] = `
Array [
  Object {
    "payload": Object {
      "id": 3,
      "options": Object {},
      "type": "__FETCH__",
      "url": "http://localhost/api/graphql?query=%0Aquery%20dataQuery(%24bundleId%3A%20String%2C%20%24routeIds%3A%20%5BString%5D)%20%7B%0A%20%20bundle%20(bundle_id%3A%20%5B%24bundleId%5D)%20%7B%0A%20%20%20%20feeds%20%7B%0A%20%20%20%20%20%20feed_id%2C%0A%20%20%20%20%20%20checksum%2C%0A%20%20%20%20%20%20routes%20%7B%0A%20%20%20%20%20%20%20%20route_id%0A%20%20%20%20%20%20%20%20route_short_name%0A%20%20%20%20%20%20%20%20route_long_name%0A%20%20%20%20%20%20%7D%0A%0A%20%20%20%20%20%20detailRoutes%3A%20routes(route_id%3A%20%24routeIds)%20%7B%0A%20%20%20%20%20%20%20%20route_id%0A%20%20%20%20%20%20%20%20route_short_name%0A%20%20%20%20%20%20%20%20route_long_name%0A%20%20%20%20%20%20%20%20patterns%20%7B%0A%20%20%20%20%20%20%20%20%20%20name%2C%0A%20%20%20%20%20%20%20%20%20%20pattern_id%2C%0A%20%20%20%20%20%20%20%20%20%20geometry%2C%0A%20%20%20%20%20%20%20%20%20%20trips%20%7B%0A%20%20%20%20%20%20%20%20%20%20%20%20trip_id%2C%0A%20%20%20%20%20%20%20%20%20%20%20%20trip_short_name%2C%0A%20%20%20%20%20%20%20%20%20%20%20%20trip_headsign%2C%0A%20%20%20%20%20%20%20%20%20%20%20%20start_time%2C%0A%20%20%20%20%20%20%20%20%20%20%20%20direction_id%2C%0A%20%20%20%20%20%20%20%20%20%20%20%20duration%0A%20%20%20%20%20%20%20%20%20%20%7D%2C%0A%20%20%20%20%20%20%20%20%20%20stops%20%7B%0A%20%20%20%20%20%20%20%20%20%20%20%20stop_id%0A%20%20%20%20%20%20%20%20%20%20%7D%0A%20%20%20%20%20%20%20%20%7D%0A%20%20%20%20%20%20%7D%0A%0A%20%20%20%20%20%20stops%20%7B%0A%20%20%20%20%20%20%20%20stop_id%2C%0A%20%20%20%20%20%20%20%20stop_name%2C%0A%20%20%20%20%20%20%20%20stop_lat%2C%0A%20%20%20%20%20%20%20%20stop_lon%0A%20%20%20%20%20%20%7D%0A%20%20%20%20%7D%0A%20%20%7D%0A%7D%0A&variables=%7B%22bundleId%22%3A%221%22%2C%22routeIds%22%3A%5B%22route1%22%5D%7D",
    },
    "type": "increment outstanding fetches",
  },
  Object {
    "payload": Object {
      "id": 3,
      "type": "__FETCH__",
    },
    "type": "decrement outstanding fetches",
  },
  Object {
    "payload": Array [],
    "type": "set feeds",
  },
]
`;

exports[`actions > getFeedsRoutesAndStops should work when fetching via getAllRoutesAndStops 1`] = `
Array [
  Object {
    "checksum": "abcd",
    "id": "1",
    "routes": Array [
      Object {
        "label": "1 ",
        "route_id": "1",
        "route_short_name": "1",
      },
      Object {
        "label": "2 ",
        "route_id": "2",
        "route_short_name": "2",
      },
    ],
    "stops": Array [
      Object {
        "stop_id": "1",
      },
    ],
    "stopsById": Object {
      "1": Object {
        "stop_id": "1",
      },
    },
  },
]
`;

exports[`actions > getFeedsRoutesAndStops should work when fetching with getUnfetchedRoutes 1`] = `
Array [
  Object {
    "checksum": "abcd",
    "id": "1",
    "routes": Array [
      Object {
        "label": "1 ",
        "route_id": "1",
        "route_short_name": "1",
      },
      Object {
        "label": "2 ",
        "route_id": "2",
        "route_short_name": "2",
      },
    ],
    "stops": Array [
      Object {
        "stop_id": "1",
      },
    ],
    "stopsById": Object {
      "1": Object {
        "stop_id": "1",
      },
    },
  },
]
`;
