// Jest Snapshot v1, https://goo.gl/fbAQLP

exports[`Report > AddTrips renders correctly 1`] = `
<ForwardRef>
  <Box>
    <Map
      bounds={
        Object {
          "_northEast": Object {
            "lat": 37.365,
            "lng": -121.924,
          },
          "_southWest": Object {
            "lat": 36.9707,
            "lng": -122.0279,
          },
        }
      }
    >
      <AddTripPatternLayer
        bidirectional={true}
        segments={
          Array [
            Object {
              "fromStopId": "1",
              "geometry": Object {
                "coordinates": Array [
                  Array [
                    -122.0246,
                    36.9707,
                  ],
                  Array [
                    -122.0279,
                    37.049,
                  ],
                  Array [
                    -121.9799,
                    37.2299,
                  ],
                  Array [
                    -121.9445,
                    37.324,
                  ],
                  Array [
                    -121.936,
                    37.353,
                  ],
                  Array [
                    -121.924,
                    37.365,
                  ],
                ],
                "type": "LineString",
              },
              "spacing": 3000,
              "stopAtEnd": false,
              "stopAtStart": false,
              "toStopId": null,
            },
            Object {
              "fromStopId": "1",
              "geometry": Object {
                "coordinates": Array [
                  Array [
                    -122.0246,
                    36.9707,
                  ],
                  Array [
                    -122.0279,
                    37.049,
                  ],
                  Array [
                    -121.9799,
                    37.2299,
                  ],
                  Array [
                    -121.9445,
                    37.324,
                  ],
                  Array [
                    -121.936,
                    37.353,
                  ],
                  Array [
                    -121.924,
                    37.365,
                  ],
                ],
                "type": "LineString",
              },
              "spacing": 3000,
              "stopAtEnd": false,
              "stopAtStart": false,
              "toStopId": null,
            },
          ]
        }
      />
    </Map>
  </Box>
  <Box
    textAlign="center"
  >
    <i>
      <Distance
        km={90.41904621701774}
      />
      ,
       
      unidirectional
    </i>
  </Box>
  <Box
    as="table"
  >
    <thead>
      <tr>
        <th>
          Name
        </th>
        <th>
          Start time
        </th>
        <th>
          End time
        </th>
        <th>
          Frequency
        </th>
        <th>
          Speed
        </th>
        <th>
          Days of service
        </th>
        <th>
          Number of trips
        </th>
      </tr>
    </thead>
    <tbody>
      <Timetable
        bidirectional={false}
        key="timetable-id"
        segmentDistances={
          Array [
            45.20952310850887,
            45.20952310850887,
          ]
        }
        timetable={
          Object {
            "_id": "timetable-id",
            "dwellTime": 10,
            "dwellTimes": Array [
              12,
            ],
            "endTime": 57600,
            "exactTimes": false,
            "friday": true,
            "headwaySecs": 900,
            "modificationId": "1234",
            "modificationName": "Test Modification",
            "monday": true,
            "name": "Test timetable",
            "patternTrips": Array [
              "abcd",
            ],
            "phaseAtStop": "",
            "phaseFromStop": "",
            "phaseFromTimetable": "",
            "phaseSeconds": 300,
            "saturday": false,
            "segmentSpeeds": Array [],
            "sourceTrip": "abcd",
            "startTime": 28800,
            "sunday": false,
            "thursday": true,
            "tuesday": true,
            "wednesday": true,
          }
        }
      />
    </tbody>
  </Box>
</ForwardRef>
`;
