// Jest Snapshot v1, https://goo.gl/fbAQLP

exports[`Report > DaysOfService renders correctly 1`] = `
<ForwardRef
  isInline={true}
>
  <Text
    color="black"
    key="monday"
    textDecoration="none"
  >
    Mo
  </Text>
  <Text
    color="black"
    key="tuesday"
    textDecoration="none"
  >
    Tu
  </Text>
  <Text
    color="gray"
    key="wednesday"
    textDecoration="line-through"
  >
    We
  </Text>
  <Text
    color="gray"
    key="thursday"
    textDecoration="line-through"
  >
    Th
  </Text>
  <Text
    color="gray"
    key="friday"
    textDecoration="line-through"
  >
    Fr
  </Text>
  <Text
    color="gray"
    key="saturday"
    textDecoration="line-through"
  >
    Sa
  </Text>
  <Text
    color="gray"
    key="sunday"
    textDecoration="line-through"
  >
    Su
  </Text>
</ForwardRef>
`;
