// Jest Snapshot v1, https://goo.gl/fbAQLP

exports[`Report > MiniMap renders correctly 1`] = `
<div
  style={
    Object {
      "height": 200,
      "width": 720,
    }
  }
>
  <Map
    attributionControl={false}
    bounds={
      Object {
        "_northEast": Object {
          "lat": 40.774,
          "lng": -74.125,
        },
        "_southWest": Object {
          "lat": 40.712,
          "lng": -74.227,
        },
      }
    }
    boxZoom={false}
    doubleClickZoom={false}
    dragging={false}
    keyboard={false}
    scrollWheelZoom={false}
    touchZoom={false}
    zoomControl={false}
  >
    <ForwardRef(Leaflet(MapBoxGLLayer)) />
  </Map>
</div>
`;
