// Jest Snapshot v1, https://goo.gl/fbAQLP

exports[`Report > Reroute renders correctly 1`] = `
<ForwardRef>
  <Heading
    size="sm"
  >
    Route
    :
     
     
  </Heading>
  <Box>
    <Map
      bounds={
        Object {
          "_northEast": Object {
            "lat": 37.365,
            "lng": -121.924,
          },
          "_southWest": Object {
            "lat": 36.9707,
            "lng": -122.0279,
          },
        }
      }
    >
      <RerouteLayer
        feed={
          Object {
            "checksum": "MOCK",
            "id": "1",
            "routes": Array [
              Object {
                "label": "mock-route-label",
                "patterns": Array [
                  Object {
                    "geometry": Object {
                      "coordinates": Array [
                        Array [
                          -122.0246,
                          36.9707,
                        ],
                        Array [
                          -122.0279,
                          37.049,
                        ],
                        Array [
                          -121.9799,
                          37.2299,
                        ],
                        Array [
                          -121.9445,
                          37.324,
                        ],
                        Array [
                          -121.936,
                          37.353,
                        ],
                        Array [
                          -121.924,
                          37.365,
                        ],
                      ],
                      "type": "LineString",
                    },
                    "name": "Mock Pattern",
                    "pattern_id": "mock-pattern-id",
                    "stops": Array [
                      Object {
                        "stop_id": "1",
                        "stop_lat": 36.9707,
                        "stop_lon": -122.0246,
                        "stop_name": "Santa Cruz",
                      },
                      Object {
                        "stop_id": "2",
                        "stop_lat": 37.049,
                        "stop_lon": -122.0279,
                        "stop_name": "Scotts Valley",
                      },
                    ],
                    "trips": Array [
                      Object {
                        "duration": 1234,
                        "end_time": 13579,
                        "start_time": 12345,
                        "trip_headsign": "To Downtown",
                        "trip_id": "abcd",
                        "trip_short_name": "The Express",
                      },
                    ],
                  },
                ],
                "route_id": "route1",
              },
            ],
            "stops": Array [
              Object {
                "stop_id": "1",
                "stop_lat": 36.9707,
                "stop_lon": -122.0246,
                "stop_name": "Santa Cruz",
              },
              Object {
                "stop_id": "2",
                "stop_lat": 37.049,
                "stop_lon": -122.0279,
                "stop_name": "Scotts Valley",
              },
            ],
            "stopsById": Object {
              "1": Object {
                "stop_id": "1",
                "stop_lat": 36.9707,
                "stop_lon": -122.0246,
                "stop_name": "Santa Cruz",
              },
              "2": Object {
                "stop_id": "2",
                "stop_lat": 37.049,
                "stop_lon": -122.0279,
                "stop_name": "Scotts Valley",
              },
            },
          }
        }
        modification={
          Object {
            "_id": "1234",
            "accessGroup": "accessGroupName",
            "bidirectional": false,
            "createdAt": "2017-11-08T12:30:50.133Z",
            "createdBy": "person@gmail.com",
            "description": "Mock description",
            "entries": Array [],
            "feed": "1",
            "name": "Test Modification",
            "nonce": "12345",
            "projectId": "1",
            "routes": Array [
              "route1",
            ],
            "segmentSpeeds": Array [
              10,
              10,
            ],
            "segments": Array [
              Object {
                "fromStopId": "1",
                "geometry": Object {
                  "coordinates": Array [
                    Array [
                      -122.0246,
                      36.9707,
                    ],
                    Array [
                      -122.0279,
                      37.049,
                    ],
                    Array [
                      -121.9799,
                      37.2299,
                    ],
                    Array [
                      -121.9445,
                      37.324,
                    ],
                    Array [
                      -121.936,
                      37.353,
                    ],
                    Array [
                      -121.924,
                      37.365,
                    ],
                  ],
                  "type": "LineString",
                },
                "spacing": 3000,
                "stopAtEnd": false,
                "stopAtStart": false,
                "toStopId": null,
              },
              Object {
                "fromStopId": "1",
                "geometry": Object {
                  "coordinates": Array [
                    Array [
                      -122.0246,
                      36.9707,
                    ],
                    Array [
                      -122.0279,
                      37.049,
                    ],
                    Array [
                      -121.9799,
                      37.2299,
                    ],
                    Array [
                      -121.9445,
                      37.324,
                    ],
                    Array [
                      -121.936,
                      37.353,
                    ],
                    Array [
                      -121.924,
                      37.365,
                    ],
                  ],
                  "type": "LineString",
                },
                "spacing": 3000,
                "stopAtEnd": false,
                "stopAtStart": false,
                "toStopId": null,
              },
            ],
            "timetables": Array [
              Object {
                "_id": "timetable-id",
                "dwellTime": 10,
                "dwellTimes": Array [
                  12,
                ],
                "endTime": 57600,
                "exactTimes": false,
                "friday": true,
                "headwaySecs": 900,
                "modificationId": "1234",
                "modificationName": "Test Modification",
                "monday": true,
                "name": "Test timetable",
                "patternTrips": Array [
                  "abcd",
                ],
                "phaseAtStop": "",
                "phaseFromStop": "",
                "phaseFromTimetable": "",
                "phaseSeconds": 300,
                "saturday": false,
                "segmentSpeeds": Array [],
                "sourceTrip": "abcd",
                "startTime": 28800,
                "sunday": false,
                "thursday": true,
                "tuesday": true,
                "wednesday": true,
              },
            ],
            "trips": Array [
              "abcd",
            ],
            "type": "add-trip-pattern",
            "updatedAt": "2017-11-08T12:31:19.602Z",
            "updatedBy": "person@gmail.com",
            "variants": Array [
              true,
            ],
          }
        }
      />
    </Map>
  </Box>
  <Box
    key="0"
  >
    <Pattern
      feedsById={
        Object {
          "1": Object {
            "checksum": "MOCK",
            "id": "1",
            "routes": Array [
              Object {
                "label": "mock-route-label",
                "patterns": Array [
                  Object {
                    "geometry": Object {
                      "coordinates": Array [
                        Array [
                          -122.0246,
                          36.9707,
                        ],
                        Array [
                          -122.0279,
                          37.049,
                        ],
                        Array [
                          -121.9799,
                          37.2299,
                        ],
                        Array [
                          -121.9445,
                          37.324,
                        ],
                        Array [
                          -121.936,
                          37.353,
                        ],
                        Array [
                          -121.924,
                          37.365,
                        ],
                      ],
                      "type": "LineString",
                    },
                    "name": "Mock Pattern",
                    "pattern_id": "mock-pattern-id",
                    "stops": Array [
                      Object {
                        "stop_id": "1",
                        "stop_lat": 36.9707,
                        "stop_lon": -122.0246,
                        "stop_name": "Santa Cruz",
                      },
                      Object {
                        "stop_id": "2",
                        "stop_lat": 37.049,
                        "stop_lon": -122.0279,
                        "stop_name": "Scotts Valley",
                      },
                    ],
                    "trips": Array [
                      Object {
                        "duration": 1234,
                        "end_time": 13579,
                        "start_time": 12345,
                        "trip_headsign": "To Downtown",
                        "trip_id": "abcd",
                        "trip_short_name": "The Express",
                      },
                    ],
                  },
                ],
                "route_id": "route1",
              },
            ],
            "stops": Array [
              Object {
                "stop_id": "1",
                "stop_lat": 36.9707,
                "stop_lon": -122.0246,
                "stop_name": "Santa Cruz",
              },
              Object {
                "stop_id": "2",
                "stop_lat": 37.049,
                "stop_lon": -122.0279,
                "stop_name": "Scotts Valley",
              },
            ],
            "stopsById": Object {
              "1": Object {
                "stop_id": "1",
                "stop_lat": 36.9707,
                "stop_lon": -122.0246,
                "stop_name": "Santa Cruz",
              },
              "2": Object {
                "stop_id": "2",
                "stop_lat": 37.049,
                "stop_lon": -122.0279,
                "stop_name": "Scotts Valley",
              },
            },
          },
        }
      }
      modification={
        Object {
          "_id": "1234",
          "accessGroup": "accessGroupName",
          "bidirectional": false,
          "createdAt": "2017-11-08T12:30:50.133Z",
          "createdBy": "person@gmail.com",
          "description": "Mock description",
          "entries": Array [],
          "feed": "1",
          "name": "Test Modification",
          "nonce": "12345",
          "projectId": "1",
          "routes": Array [
            "route1",
          ],
          "segmentSpeeds": Array [
            10,
            10,
          ],
          "segments": Array [
            Object {
              "fromStopId": "1",
              "geometry": Object {
                "coordinates": Array [
                  Array [
                    -122.0246,
                    36.9707,
                  ],
                  Array [
                    -122.0279,
                    37.049,
                  ],
                  Array [
                    -121.9799,
                    37.2299,
                  ],
                  Array [
                    -121.9445,
                    37.324,
                  ],
                  Array [
                    -121.936,
                    37.353,
                  ],
                  Array [
                    -121.924,
                    37.365,
                  ],
                ],
                "type": "LineString",
              },
              "spacing": 3000,
              "stopAtEnd": false,
              "stopAtStart": false,
              "toStopId": null,
            },
            Object {
              "fromStopId": "1",
              "geometry": Object {
                "coordinates": Array [
                  Array [
                    -122.0246,
                    36.9707,
                  ],
                  Array [
                    -122.0279,
                    37.049,
                  ],
                  Array [
                    -121.9799,
                    37.2299,
                  ],
                  Array [
                    -121.9445,
                    37.324,
                  ],
                  Array [
                    -121.936,
                    37.353,
                  ],
                  Array [
                    -121.924,
                    37.365,
                  ],
                ],
                "type": "LineString",
              },
              "spacing": 3000,
              "stopAtEnd": false,
              "stopAtStart": false,
              "toStopId": null,
            },
          ],
          "timetables": Array [
            Object {
              "_id": "timetable-id",
              "dwellTime": 10,
              "dwellTimes": Array [
                12,
              ],
              "endTime": 57600,
              "exactTimes": false,
              "friday": true,
              "headwaySecs": 900,
              "modificationId": "1234",
              "modificationName": "Test Modification",
              "monday": true,
              "name": "Test timetable",
              "patternTrips": Array [
                "abcd",
              ],
              "phaseAtStop": "",
              "phaseFromStop": "",
              "phaseFromTimetable": "",
              "phaseSeconds": 300,
              "saturday": false,
              "segmentSpeeds": Array [],
              "sourceTrip": "abcd",
              "startTime": 28800,
              "sunday": false,
              "thursday": true,
              "tuesday": true,
              "wednesday": true,
            },
          ],
          "trips": Array [
            "abcd",
          ],
          "type": "add-trip-pattern",
          "updatedAt": "2017-11-08T12:31:19.602Z",
          "updatedBy": "person@gmail.com",
          "variants": Array [
            true,
          ],
        }
      }
      pattern={
        Object {
          "geometry": Object {
            "coordinates": Array [
              Array [
                -122.0246,
                36.9707,
              ],
              Array [
                -122.0279,
                37.049,
              ],
              Array [
                -121.9799,
                37.2299,
              ],
              Array [
                -121.9445,
                37.324,
              ],
              Array [
                -121.936,
                37.353,
              ],
              Array [
                -121.924,
                37.365,
              ],
            ],
            "type": "LineString",
          },
          "name": "Mock Pattern",
          "pattern_id": "mock-pattern-id",
          "stops": Array [
            Object {
              "stop_id": "1",
              "stop_lat": 36.9707,
              "stop_lon": -122.0246,
              "stop_name": "Santa Cruz",
            },
            Object {
              "stop_id": "2",
              "stop_lat": 37.049,
              "stop_lon": -122.0279,
              "stop_name": "Scotts Valley",
            },
          ],
          "trips": Array [
            Object {
              "duration": 1234,
              "end_time": 13579,
              "start_time": 12345,
              "trip_headsign": "To Downtown",
              "trip_id": "abcd",
              "trip_short_name": "The Express",
            },
          ],
        }
      }
    />
  </Box>
</ForwardRef>
`;
