// Jest Snapshot v1, https://goo.gl/fbAQLP

exports[`Report > Speed renders correctly 1`] = `
<Fragment>
  2000 km/h
   (
  1243 mph
  )
</Fragment>
`;
